<!doctype html public "-//w3c//dtd html 4.0 transitional//en">
<html><head>
<title>Static Call Graph - [C:\Users\Jianning\Desktop\CG3207\Lab\Lab 1\ARM fam\ARMfam.axf]</title></head>
<body><HR>
<H1>Static Call Graph for image C:\Users\Jianning\Desktop\CG3207\Lab\Lab 1\ARM fam\ARMfam.axf</H1><HR>
<BR><P>#&#060CALLGRAPH&#062# ARM Linker, 5.03 [Build 24]: Last Updated: Mon Aug 29 16:53:42 2022
<BR><P>
<H3>Maximum Stack Usage =          0 bytes</H3><H3>
Call chain for Maximum Stack Depth:</H3>

<P>
<H3>
Global Symbols
</H3><P>
<H3>
Local Symbols
</H3><P>
<H3>
Undefined Global Symbols
</H3><HR></body></html>
