ARM Linker, 5.03 [Build 24] [MDK-ARM Lite]

==============================================================================

Section Cross References

    arm_sample.o(MYCODE) refers to arm_sample.o(CONSTANTS) for LEDS
    arm_sample.o(MYCODE) refers to arm_sample.o(VARIABLES) for variable1
    arm_sample.o(CONSTANTS) refers to arm_sample.o(VARIABLES) for variable1


==============================================================================

Image Symbol Table

    Local Symbols

    Symbol Name                              Value     Ov Type        Size  Object(Section)

    MYCODE                                   0x00000000   Section      344  arm_sample.o(MYCODE)
    ..\ARM_sample.s                          0x00000000   Number         0  arm_sample.o ABSOLUTE
    CONSTANTS                                0x00000200   Section      116  arm_sample.o(CONSTANTS)
    LEDS                                     0x00000200   Data           0  arm_sample.o(CONSTANTS)
    DIPS                                     0x00000204   Data           0  arm_sample.o(CONSTANTS)
    PBS                                      0x00000208   Data           0  arm_sample.o(CONSTANTS)
    SEVENSEG                                 0x00000218   Data           0  arm_sample.o(CONSTANTS)
    ZERO                                     0x0000021c   Data           0  arm_sample.o(CONSTANTS)
    HUNDRED                                  0x00000224   Data           0  arm_sample.o(CONSTANTS)
    LARGE_VAL                                0x00000228   Data           0  arm_sample.o(CONSTANTS)
    LARGEST_VAL                              0x0000022c   Data           0  arm_sample.o(CONSTANTS)
    DELAY_VAL                                0x00000230   Data           0  arm_sample.o(CONSTANTS)
    SHOW_TEN                                 0x00000234   Data           0  arm_sample.o(CONSTANTS)
    SHOW_NINE                                0x00000238   Data           0  arm_sample.o(CONSTANTS)
    SHOW_EIGHT                               0x0000023c   Data           0  arm_sample.o(CONSTANTS)
    A_WIN                                    0x00000240   Data           0  arm_sample.o(CONSTANTS)
    B_WIN                                    0x00000244   Data           0  arm_sample.o(CONSTANTS)
    BOTH_WIN                                 0x00000248   Data           0  arm_sample.o(CONSTANTS)
    string1                                  0x00000254   Data           0  arm_sample.o(CONSTANTS)
    PC_LDR_ADDR                              0x00000270   Data           0  arm_sample.o(CONSTANTS)
    VARIABLES                                0x00000800   Section        4  arm_sample.o(VARIABLES)
    variable1                                0x00000800   Data           0  arm_sample.o(VARIABLES)

    Global Symbols

    Symbol Name                              Value     Ov Type        Size  Object(Section)

    BuildAttributes$$THM_ISAv1$ARM_ISAv4$S$PE$A:L22$X:L11$S22$IEEE1$IW$USESV6$~STKCKD$USESV7$~SHL$OSPACE$EBA8$STANDARDLIB$EABIv2 0x00000000   Number         0  anon$$obj.o ABSOLUTE



==============================================================================

Memory Map of the image

  Image Entry point : 0x00000000

  Load Region LR_1 (Base: 0x00000000, Size: 0x00000278, Max: 0xffffffff, ABSOLUTE)

    Execution Region ER_RO (Base: 0x00000000, Size: 0x00000274, Max: 0xffffffff, ABSOLUTE)

    Base Addr    Size         Type   Attr      Idx    E Section Name        Object

    0x00000000   0x00000158   Code   RO            1  * MYCODE              arm_sample.o
    0x00000158   0x000000a8   PAD
    0x00000200   0x00000074   Data   RO            2    CONSTANTS           arm_sample.o


    Execution Region ER_RW (Base: 0x00000800, Size: 0x00000004, Max: 0xffffffff, ABSOLUTE)

    Base Addr    Size         Type   Attr      Idx    E Section Name        Object

    0x00000800   0x00000004   Data   RW            3    VARIABLES           arm_sample.o


    Execution Region ER_ZI (Base: 0x00000804, Size: 0x00000000, Max: 0xffffffff, ABSOLUTE)

    **** No section assigned to this execution region ****


==============================================================================

Image component sizes


      Code (inc. data)   RO Data    RW Data    ZI Data      Debug   Object Name

       344          0        116          4          0        308   arm_sample.o

    ----------------------------------------------------------------------
       512          0        116          4          0        308   Object Totals
         0          0          0          0          0          0   (incl. Generated)
       168          0          0          0          0          0   (incl. Padding)

    ----------------------------------------------------------------------
         0          0          0          0          0          0   Library Totals
         0          0          0          0          0          0   (incl. Padding)

    ----------------------------------------------------------------------

==============================================================================


      Code (inc. data)   RO Data    RW Data    ZI Data      Debug   

       512          0        116          4          0        308   Grand Totals
       512          0        116          4          0        308   ELF Image Totals
       512          0        116          4          0          0   ROM Totals

==============================================================================

    Total RO  Size (Code + RO Data)                  628 (   0.61kB)
    Total RW  Size (RW Data + ZI Data)                 4 (   0.00kB)
    Total ROM Size (Code + RO Data + RW Data)        632 (   0.62kB)

==============================================================================

